// Jest Snapshot v1, https://goo.gl/fbAQLP

exports[`Footer component should render a footer 1`] = `
<footer>
  <hr />
  <small>
    <ul
      className="ls-i"
    >
      <li>
        <Link
          replace={false}
          to="/dashboard"
        >
          <Icon
            i="dashboard"
            s="s"
          />
           Dashboard
        </Link>
      </li>
      <li>
        <Link
          replace={false}
          to="/settings"
        >
          <Icon
            i="settings"
            s="s"
          />
           Settings
        </Link>
      </li>
      <li>
        <Link
          replace={false}
          to="/log-out"
        >
          <Icon
            i="logOut"
            s="s"
          />
           Log Out
        </Link>
      </li>
    </ul>
    <ul
      className="ls-i"
    >
      <li>
        <Link
          replace={false}
          to="/"
        >
          <Icon
            i="home"
            s="s"
          />
           Home
        </Link>
      </li>
      <li>
        <ExternalLink
          href="https://docs.sagefy.org/"
        >
          <Icon
            i="docs"
            s="s"
          />
           Docs
        </ExternalLink>
      </li>
      <li>
        <ExternalLink
          href="https://docs.sagefy.org/stories"
        >
          <Icon
            i="stories"
            s="s"
          />
           Stories
        </ExternalLink>
      </li>
      <li>
        <ExternalLink
          href="https://sgfy.xyz/updates"
        >
          <Icon
            i="updates"
            s="s"
          />
           Updates
        </ExternalLink>
      </li>
      <li>
        <Link
          replace={false}
          to="/contact"
        >
          <Icon
            i="contact"
            s="s"
          />
           Contact
        </Link>
      </li>
      <li>
        <Link
          replace={false}
          to="/terms"
        >
          <Icon
            i="terms"
            s="s"
          />
           Privacy & Terms
        </Link>
      </li>
    </ul>
    <p>
      Â© Copyright 
      2019
       Sagefy.
    </p>
  </small>
</footer>
`;
