// Jest Snapshot v1, https://goo.gl/fbAQLP

exports[`ContactPage should render the contact page 1`] = `
<Layout hash={hash}
  description="Need help? Contact Sagefy support."
  page="ContactPage"
  title="Contact"
>
  <section>
    <h1>
      Need help?
      <Icon
        i="contact"
        s="xxl"
      />
    </h1>
    <ul>
      <li>
        <strong>
          I have a problem with content.
        </strong>
        <br />
        <Link
          replace={false}
          to="/search"
        >
          <Icon
            i="talk"
            s="m"
          />
           Discuss it in the site
        </Link>
        .
      </li>
      <li>
        <strong>
          I have an idea for content.
        </strong>
        <br />
        <Link
          replace={false}
          to="/create-subject"
        >
          <Icon
            i="subject"
            s="m"
          />
           Create a new subject
        </Link>
        .
      </li>
      <li>
        <strong>
          I have an idea for the software.
        </strong>
        <br />
        <strong>
          I found a bug.
        </strong>
        <br />
        <ExternalLink
          href="https://github.com/heiskr/sagefy/issues"
        >
          <Icon
            i="github"
            s="m"
          />
           Add to Github issues
        </ExternalLink>
        .
      </li>
      <li>
        <strong>
          I found a security issue.
        </strong>
        <br />
        <strong>
          I need help with my account.
        </strong>
        <br />
        <strong>
          My copyright has been violated.
        </strong>
        <br />
        <strong>
          I'm a media person.
        </strong>
        <br />
        <a
          href="mailto:support@sagefy.org"
        >
          <Icon
            i="contact"
            s="m"
          />
           Send us an email
        </a>
        .
      </li>
    </ul>
    <p>
      <Link
        replace={false}
        to="/"
      >
        Go back
        <Icon
          i="home"
          s="m"
        />
         home
      </Link>
    </p>
  </section>
</Layout>
`;
