// Jest Snapshot v1, https://goo.gl/fbAQLP

exports[`SearchSubjectsPage should render the search subjects page 1`] = `
<Layout
  description="Find the learning subject you are looking for. Anything you want to learn, Sagefy can help you."
  page="SearchSubjectsPage"
  title="Search subjects"
>
  <section
    className="ta-c"
  >
    <h1>
      What do you want to learn? 
      <Icon
        i="search"
        s="h1"
      />
    </h1>
    <form
      action="/search-subjects"
    >
      <p>
        <input
          autoFocus={false}
          name="q"
          placeholder="example: Music"
          size="40"
          type="search"
        />
      </p>
      <p>
        <button
          type="submit"
        >
          <Icon
            i="search"
            s="m"
          />
           Search
        </button>
      </p>
    </form>
  </section>
  <Footer
    role="sg_anonymous"
  />
</Layout>
`;
