// Jest Snapshot v1, https://goo.gl/fbAQLP

exports[`indexRouter GET /x Should send a message 1`] = `"{\\"message\\":\\"Welcome to the Sagefy service!\\"}"`;
