// Jest Snapshot v1, https://goo.gl/fbAQLP

exports[`gql-errors should format errors 1`] = `
Object {
  "email": Array [
    "Please format your email like \`a@b.c\`.",
  ],
}
`;
