// Jest Snapshot v1, https://goo.gl/fbAQLP

exports[`DashboardPage should render the dashboard page 1`] = `
<Layout
  canonical={null}
  description="-"
  image={null}
  page="DashboardPage"
  title="Dashboard"
>
  <section
    className="my-c"
  >
    <p>
      <em>
        Hi 
        , welcome back! 
        <Icon
          i="sagefy"
          s="m"
        />
      </em>
    </p>
    <h1>
      What do you want to learn? 
      <Icon
        i="dashboard"
        s="h1"
      />
    </h1>
  </section>
  <section
    className="ta-c"
  >
    <h2>
      Let's get you some subjects! 
      <Icon
        i="search"
        s="h2"
      />
    </h2>
    <form
      action="/subjects/search"
    >
      <p>
        <input
          autoFocus={true}
          name="q"
          placeholder="example: Music"
          size="40"
          type="search"
        />
      </p>
      <p>
        <button
          type="submit"
        >
          <Icon
            i="search"
            s="m"
          />
           Search
        </button>
      </p>
    </form>
  </section>
  <section>
    <h2>
      Help us build Sagefy 
      <Icon
        i="cheer"
        s="h2"
      />
    </h2>
    <details>
      <summary>
        <h3
          className="d-ib"
        >
          You can make a new subject 
          <Icon
            i="subject"
            s="h3"
          />
        </h3>
      </summary>
      <CreateSubject
        body={
          Object {
            "body": "",
            "name": "",
          }
        }
        gqlErrors={Object {}}
        name=""
      />
    </details>
    <details>
      <summary>
        <h3
          className="d-ib"
        >
          â€¦or find something else 
          <Icon
            i="search"
            s="h3"
          />
        </h3>
      </summary>
      <form
        action="/search"
      >
        <input
          name="q"
          placeholder="example: Music"
          size="40"
          type="search"
        />
        <button
          type="submit"
        >
          <Icon
            i="search"
            s="m"
          />
           Search
        </button>
      </form>
    </details>
    <CardSubjectInfo />
  </section>
  <Footer
    role="sg_anonymous"
  />
</Layout>
`;
