// Jest Snapshot v1, https://goo.gl/fbAQLP

exports[`LearnUnscoredEmbedPage should render LearnUnscoredEmbedPage 1`] = `
<Layout
  canonical="/unscored-embed-cards/undefined"
  description="-"
  image={null}
  page="LearnUnscoredEmbedPage"
  title="Learn"
>
  <section>
    <iframe
      height="400"
      width="600"
    />
  </section>
  <section>
    <form
      action="/next"
    >
      <button
        type="submit"
      >
        <Icon
          i="card"
          s="m"
        />
         Next Card
      </button>
    </form>
  </section>
</Layout>
`;
